error: access to uninitialized path
- initialization_inference/move_part:9:11
9 |   take_bar(bar)
  |            ^^^
